data/breakfast-at-the-frat/subsets/incomplete/1111038080-19533-incomplete.csv
"WEEK_END_DATE","STORE_NUM","UPC","UNITS","VISITS","HHS","SPEND","PRICE","BASE_PRICE","FEATURE","DISPLAY","TPR_ONLY","WEEK_END_DATE_2","YEAR","MONTH","DAY_OF_MONTH","ABS_DISCOUNT","REL_DISCOUNT"
"14-01-2009",19533,1111038080,5,4,4,6.6,1.32,2.46,0,0,1,2009-01-14,2009,1,14,-1.14,-0.463414634146341
"21-01-2009",19533,1111038080,22,18,18,21.12,0.96,2.46,1,1,0,2009-01-21,2009,1,21,-1.5,-0.609756097560976
"28-01-2009",19533,1111038080,8,8,8,8,1,2.46,0,0,1,2009-01-28,2009,1,28,-1.46,-0.59349593495935
"04-02-2009",19533,1111038080,2,2,2,1.9,0.95,2.46,0,1,0,2009-02-04,2009,2,4,-1.51,-0.613821138211382
"11-02-2009",19533,1111038080,8,8,8,7.84,0.98,2.46,0,1,0,2009-02-11,2009,2,11,-1.48,-0.601626016260163
"18-02-2009",19533,1111038080,2,2,2,5.38,2.69,2.46,0,1,0,2009-02-18,2009,2,18,0.23,0.0934959349593496
"04-03-2009",19533,1111038080,4,4,4,10.76,2.69,2.69,0,0,0,2009-03-04,2009,3,4,0,0
"11-03-2009",19533,1111038080,4,4,4,10.56,2.64,2.64,0,0,0,2009-03-11,2009,3,11,0,0
"18-03-2009",19533,1111038080,8,8,8,21.28,2.66,2.66,0,0,0,2009-03-18,2009,3,18,0,0
"25-03-2009",19533,1111038080,3,3,3,8.07,2.69,2.69,0,0,0,2009-03-25,2009,3,25,0,0
"01-04-2009",19533,1111038080,2,2,2,5.38,2.69,2.69,0,0,0,2009-04-01,2009,4,1,0,0
"08-04-2009",19533,1111038080,4,4,4,10.48,2.62,2.62,0,0,0,2009-04-08,2009,4,8,0,0
"15-04-2009",19533,1111038080,2,2,2,5.38,2.69,2.69,0,0,0,2009-04-15,2009,4,15,0,0
"22-04-2009",19533,1111038080,13,12,12,12.48,0.96,2.69,1,0,0,2009-04-22,2009,4,22,-1.73,-0.643122676579926
"29-04-2009",19533,1111038080,13,9,9,12.48,0.96,2.69,0,0,1,2009-04-29,2009,4,29,-1.73,-0.643122676579926
"06-05-2009",19533,1111038080,6,5,5,5.94,0.99,2.69,0,0,1,2009-05-06,2009,5,6,-1.7,-0.631970260223048
"13-05-2009",19533,1111038080,8,5,5,6.32,0.79,2.69,0,0,1,2009-05-13,2009,5,13,-1.9,-0.70631970260223
"03-06-2009",19533,1111038080,1,1,1,2.69,2.69,2.69,0,0,0,2009-06-03,2009,6,3,0,0
"10-06-2009",19533,1111038080,3,3,3,8.07,2.69,2.69,0,0,0,2009-06-10,2009,6,10,0,0
"17-06-2009",19533,1111038080,2,2,2,5.12,2.56,2.56,0,0,0,2009-06-17,2009,6,17,0,0
"24-06-2009",19533,1111038080,13,11,11,12.74,0.98,2.56,1,1,0,2009-06-24,2009,6,24,-1.58,-0.6171875
"01-07-2009",19533,1111038080,10,9,9,9.9,0.99,2.56,0,1,0,2009-07-01,2009,7,1,-1.57,-0.61328125
"08-07-2009",19533,1111038080,4,3,3,3.72,0.93,2.56,0,1,0,2009-07-08,2009,7,8,-1.63,-0.63671875
"15-07-2009",19533,1111038080,4,4,4,4,1,2.56,0,0,1,2009-07-15,2009,7,15,-1.56,-0.609375
"22-07-2009",19533,1111038080,3,2,2,4.74,1.58,2.56,0,0,1,2009-07-22,2009,7,22,-0.98,-0.3828125
"29-07-2009",19533,1111038080,5,5,5,7.75,1.55,2.56,0,0,1,2009-07-29,2009,7,29,-1.01,-0.39453125
"05-08-2009",19533,1111038080,3,3,3,4.74,1.58,2.56,0,0,1,2009-08-05,2009,8,5,-0.98,-0.3828125
"12-08-2009",19533,1111038080,1,1,1,1.58,1.58,2.56,0,0,1,2009-08-12,2009,8,12,-0.98,-0.3828125
"19-08-2009",19533,1111038080,2,2,2,3.16,1.58,2.56,0,0,1,2009-08-19,2009,8,19,-0.98,-0.3828125
"26-08-2009",19533,1111038080,7,7,7,10.71,1.53,2.56,1,0,0,2009-08-26,2009,8,26,-1.03,-0.40234375
"02-09-2009",19533,1111038080,9,9,9,13.77,1.53,2.56,1,0,0,2009-09-02,2009,9,2,-1.03,-0.40234375
"09-09-2009",19533,1111038080,4,4,4,6.32,1.58,1.58,0,0,0,2009-09-09,2009,9,9,0,0
"16-09-2009",19533,1111038080,6,6,6,9.48,1.58,1.58,0,0,0,2009-09-16,2009,9,16,0,0
"23-09-2009",19533,1111038080,3,3,3,4.74,1.58,1.58,0,0,0,2009-09-23,2009,9,23,0,0
"30-09-2009",19533,1111038080,13,12,11,20.41,1.57,1.57,0,0,0,2009-09-30,2009,9,30,0,0
"07-10-2009",19533,1111038080,2,2,2,3,1.5,1.5,0,0,0,2009-10-07,2009,10,7,0,0
"14-10-2009",19533,1111038080,7,7,7,9.31,1.33,1.5,0,0,1,2009-10-14,2009,10,14,-0.17,-0.113333333333333
"21-10-2009",19533,1111038080,28,23,23,27.44,0.98,1.5,1,1,0,2009-10-21,2009,10,21,-0.52,-0.346666666666667
"28-10-2009",19533,1111038080,23,15,15,22.31,0.97,1.5,1,1,0,2009-10-28,2009,10,28,-0.53,-0.353333333333333
"04-11-2009",19533,1111038080,4,4,4,5.84,1.46,1.5,0,1,0,2009-11-04,2009,11,4,-0.04,-0.0266666666666667
"11-11-2009",19533,1111038080,4,4,4,6.32,1.58,1.5,0,1,0,2009-11-11,2009,11,11,0.0800000000000001,0.0533333333333334
"18-11-2009",19533,1111038080,7,6,6,10.92,1.56,1.5,0,1,0,2009-11-18,2009,11,18,0.0600000000000001,0.04
"25-11-2009",19533,1111038080,8,8,8,12,1.5,1.5,0,1,0,2009-11-25,2009,11,25,0,0
"02-12-2009",19533,1111038080,3,3,3,4.74,1.58,1.58,0,0,0,2009-12-02,2009,12,2,0,0
"09-12-2009",19533,1111038080,8,7,7,7.84,0.98,1.58,0,0,1,2009-12-09,2009,12,9,-0.6,-0.379746835443038
"16-12-2009",19533,1111038080,7,7,7,7,1,1.58,0,0,1,2009-12-16,2009,12,16,-0.58,-0.367088607594937
"23-12-2009",19533,1111038080,12,9,9,11.76,0.98,1.58,0,0,1,2009-12-23,2009,12,23,-0.6,-0.379746835443038
"30-12-2009",19533,1111038080,11,8,8,10.56,0.96,1.58,0,0,1,2009-12-30,2009,12,30,-0.62,-0.392405063291139
"06-01-2010",19533,1111038080,6,6,6,8.76,1.46,1.46,0,0,0,2010-01-06,2010,1,6,0,0
"13-01-2010",19533,1111038080,4,4,4,6.32,1.58,1.58,0,0,0,2010-01-13,2010,1,13,0,0
"20-01-2010",19533,1111038080,10,10,9,15.8,1.58,1.58,0,0,0,2010-01-20,2010,1,20,0,0
"27-01-2010",19533,1111038080,7,7,7,10.71,1.53,1.53,0,0,0,2010-01-27,2010,1,27,0,0
"03-02-2010",19533,1111038080,4,4,4,6.16,1.54,1.54,0,0,0,2010-02-03,2010,2,3,0,0
"10-02-2010",19533,1111038080,8,8,8,12.32,1.54,1.54,0,0,0,2010-02-10,2010,2,10,0,0
"17-02-2010",19533,1111038080,4,4,4,6.16,1.54,1.54,0,0,0,2010-02-17,2010,2,17,0,0
"24-02-2010",19533,1111038080,10,10,10,15.6,1.56,1.56,0,0,0,2010-02-24,2010,2,24,0,0
"03-03-2010",19533,1111038080,8,8,8,12.32,1.54,1.54,0,0,0,2010-03-03,2010,3,3,0,0
"10-03-2010",19533,1111038080,9,9,9,14.04,1.56,1.56,0,0,0,2010-03-10,2010,3,10,0,0
"17-03-2010",19533,1111038080,1,1,1,1.58,1.58,1.58,0,0,0,2010-03-17,2010,3,17,0,0
"24-03-2010",19533,1111038080,5,5,5,7.75,1.55,1.55,0,0,0,2010-03-24,2010,3,24,0,0
"31-03-2010",19533,1111038080,8,8,8,12.48,1.56,1.56,0,0,0,2010-03-31,2010,3,31,0,0
"07-04-2010",19533,1111038080,7,7,7,10.92,1.56,1.56,0,0,0,2010-04-07,2010,4,7,0,0
"14-04-2010",19533,1111038080,4,4,4,6.32,1.58,1.58,0,0,0,2010-04-14,2010,4,14,0,0
"21-04-2010",19533,1111038080,10,10,10,15.6,1.56,1.56,0,0,0,2010-04-21,2010,4,21,0,0
"28-04-2010",19533,1111038080,11,11,11,10.78,0.98,1.56,1,0,0,2010-04-28,2010,4,28,-0.58,-0.371794871794872
"05-05-2010",19533,1111038080,15,9,9,15,1,1.56,1,0,0,2010-05-05,2010,5,5,-0.56,-0.358974358974359
"12-05-2010",19533,1111038080,5,4,4,5,1,1.56,0,0,1,2010-05-12,2010,5,12,-0.56,-0.358974358974359
"19-05-2010",19533,1111038080,11,10,10,10.78,0.98,1.56,0,0,1,2010-05-19,2010,5,19,-0.58,-0.371794871794872
"26-05-2010",19533,1111038080,6,6,6,8.58,1.43,1.43,0,0,0,2010-05-26,2010,5,26,0,0
"02-06-2010",19533,1111038080,5,5,5,7.4,1.48,1.48,0,0,0,2010-06-02,2010,6,2,0,0
"09-06-2010",19533,1111038080,3,2,2,4.74,1.58,1.58,0,0,0,2010-06-09,2010,6,9,0,0
"16-06-2010",19533,1111038080,3,3,3,4.59,1.53,1.53,0,0,0,2010-06-16,2010,6,16,0,0
"23-06-2010",19533,1111038080,6,6,6,8.76,1.46,1.46,0,0,0,2010-06-23,2010,6,23,0,0
"30-06-2010",19533,1111038080,8,7,7,7.84,0.98,1.46,0,0,1,2010-06-30,2010,6,30,-0.48,-0.328767123287671
"07-07-2010",19533,1111038080,9,7,7,8.91,0.99,1.46,0,0,1,2010-07-07,2010,7,7,-0.47,-0.321917808219178
"14-07-2010",19533,1111038080,15,13,13,14.55,0.97,1.46,0,0,1,2010-07-14,2010,7,14,-0.49,-0.335616438356164
"21-07-2010",19533,1111038080,4,4,4,4,1,1.46,0,0,1,2010-07-21,2010,7,21,-0.46,-0.315068493150685
"28-07-2010",19533,1111038080,7,7,7,9.73,1.39,1.39,0,0,0,2010-07-28,2010,7,28,0,0
"04-08-2010",19533,1111038080,9,9,9,14.22,1.58,1.58,0,0,0,2010-08-04,2010,8,4,0,0
"11-08-2010",19533,1111038080,4,3,3,6.32,1.58,1.58,0,0,0,2010-08-11,2010,8,11,0,0
"18-08-2010",19533,1111038080,7,7,7,11.06,1.58,1.58,0,0,0,2010-08-18,2010,8,18,0,0
"25-08-2010",19533,1111038080,10,9,9,10.4,1.04,1.58,1,0,0,2010-08-25,2010,8,25,-0.54,-0.341772151898734
"01-09-2010",19533,1111038080,8,7,7,7.92,0.99,1.58,0,0,1,2010-09-01,2010,9,1,-0.59,-0.373417721518987
"08-09-2010",19533,1111038080,13,13,13,13.39,1.03,1.58,0,0,1,2010-09-08,2010,9,8,-0.55,-0.348101265822785
"15-09-2010",19533,1111038080,12,11,11,11.76,0.98,1.58,0,0,1,2010-09-15,2010,9,15,-0.6,-0.379746835443038
"22-09-2010",19533,1111038080,5,5,5,4.9,0.98,1.58,0,0,1,2010-09-22,2010,9,22,-0.6,-0.379746835443038
"29-09-2010",19533,1111038080,4,4,4,6.32,1.58,1.58,0,0,0,2010-09-29,2010,9,29,0,0
"06-10-2010",19533,1111038080,3,3,3,4.74,1.58,1.58,0,0,0,2010-10-06,2010,10,6,0,0
"13-10-2010",19533,1111038080,4,4,4,6.32,1.58,1.58,0,0,0,2010-10-13,2010,10,13,0,0
"20-10-2010",19533,1111038080,3,3,3,4.59,1.53,1.53,0,0,0,2010-10-20,2010,10,20,0,0
"27-10-2010",19533,1111038080,2,2,2,3.16,1.58,1.58,0,0,0,2010-10-27,2010,10,27,0,0
"10-11-2010",19533,1111038080,3,3,3,4.41,1.47,1.47,0,0,0,2010-11-10,2010,11,10,0,0
"17-11-2010",19533,1111038080,3,3,3,4.41,1.47,1.47,0,0,0,2010-11-17,2010,11,17,0,0
"24-11-2010",19533,1111038080,3,3,3,4.74,1.58,1.58,0,0,0,2010-11-24,2010,11,24,0,0
"01-12-2010",19533,1111038080,5,5,5,6.15,1.23,1.58,0,0,1,2010-12-01,2010,12,1,-0.35,-0.221518987341772
"08-12-2010",19533,1111038080,3,3,3,3.57,1.19,1.58,0,0,1,2010-12-08,2010,12,8,-0.39,-0.246835443037975
"15-12-2010",19533,1111038080,8,8,8,8.4,1.05,1.58,0,0,1,2010-12-15,2010,12,15,-0.53,-0.335443037974684
"22-12-2010",19533,1111038080,8,8,8,7.84,0.98,1.58,0,0,1,2010-12-22,2010,12,22,-0.6,-0.379746835443038
"29-12-2010",19533,1111038080,4,3,3,3.88,0.97,1.58,0,0,1,2010-12-29,2010,12,29,-0.61,-0.386075949367089
"05-01-2011",19533,1111038080,4,4,4,4.4,1.1,1.58,0,0,1,2011-01-05,2011,1,5,-0.48,-0.30379746835443
"12-01-2011",19533,1111038080,7,5,5,6.93,0.99,0.99,0,0,0,2011-01-12,2011,1,12,0,0
"19-01-2011",19533,1111038080,4,4,4,6.32,1.58,1.58,0,0,0,2011-01-19,2011,1,19,0,0
"26-01-2011",19533,1111038080,3,3,3,4.59,1.53,1.53,0,0,0,2011-01-26,2011,1,26,0,0
"02-02-2011",19533,1111038080,6,6,6,9.48,1.58,1.58,0,0,0,2011-02-02,2011,2,2,0,0
"09-02-2011",19533,1111038080,4,4,4,6.16,1.54,1.54,0,0,0,2011-02-09,2011,2,9,0,0
"16-02-2011",19533,1111038080,3,2,2,4.74,1.58,1.58,0,0,0,2011-02-16,2011,2,16,0,0
"23-02-2011",19533,1111038080,7,7,7,10.92,1.56,1.56,0,0,0,2011-02-23,2011,2,23,0,0
"02-03-2011",19533,1111038080,5,5,5,7.9,1.58,1.58,0,0,0,2011-03-02,2011,3,2,0,0
"09-03-2011",19533,1111038080,5,3,3,7.75,1.55,1.55,0,0,0,2011-03-09,2011,3,9,0,0
"16-03-2011",19533,1111038080,4,3,3,6,1.5,1.5,0,0,0,2011-03-16,2011,3,16,0,0
"23-03-2011",19533,1111038080,3,3,3,4.74,1.58,1.58,0,0,0,2011-03-23,2011,3,23,0,0
"30-03-2011",19533,1111038080,5,5,5,7.9,1.58,1.58,0,0,0,2011-03-30,2011,3,30,0,0
"06-04-2011",19533,1111038080,1,1,1,1.58,1.58,1.58,0,0,0,2011-04-06,2011,4,6,0,0
"13-04-2011",19533,1111038080,3,3,3,4.74,1.58,1.58,0,0,0,2011-04-13,2011,4,13,0,0
"20-04-2011",19533,1111038080,5,4,4,7.9,1.58,1.58,0,0,0,2011-04-20,2011,4,20,0,0
"27-04-2011",19533,1111038080,7,7,7,10.92,1.56,1.56,0,0,0,2011-04-27,2011,4,27,0,0
"04-05-2011",19533,1111038080,7,7,7,6.72,0.96,1.56,1,0,0,2011-05-04,2011,5,4,-0.6,-0.384615384615385
"11-05-2011",19533,1111038080,6,5,5,5.58,0.93,1.56,0,0,1,2011-05-11,2011,5,11,-0.63,-0.403846153846154
"18-05-2011",19533,1111038080,2,2,2,2,1,1.56,0,0,1,2011-05-18,2011,5,18,-0.56,-0.358974358974359
"25-05-2011",19533,1111038080,2,2,2,1.9,0.95,1.56,0,0,1,2011-05-25,2011,5,25,-0.61,-0.391025641025641
"01-06-2011",19533,1111038080,3,3,3,4.59,1.53,1.53,0,0,0,2011-06-01,2011,6,1,0,0
"08-06-2011",19533,1111038080,2,2,2,3.16,1.58,1.58,0,0,0,2011-06-08,2011,6,8,0,0
"15-06-2011",19533,1111038080,4,4,4,6.32,1.58,1.58,0,0,0,2011-06-15,2011,6,15,0,0
"22-06-2011",19533,1111038080,1,1,1,1.42,1.42,1.58,0,0,1,2011-06-22,2011,6,22,-0.16,-0.10126582278481
"29-06-2011",19533,1111038080,1,1,1,1.58,1.58,1.58,0,0,0,2011-06-29,2011,6,29,0,0
"06-07-2011",19533,1111038080,2,2,2,3.16,1.58,1.58,0,0,0,2011-07-06,2011,7,6,0,0
"13-07-2011",19533,1111038080,6,5,5,9.3,1.55,1.55,0,0,0,2011-07-13,2011,7,13,0,0
"20-07-2011",19533,1111038080,1,1,1,1.42,1.42,1.42,0,0,0,2011-07-20,2011,7,20,0,0
"03-08-2011",19533,1111038080,13,10,10,12.74,0.98,1.42,1,0,0,2011-08-03,2011,8,3,-0.44,-0.309859154929577
"10-08-2011",19533,1111038080,8,8,8,7.52,0.94,1.42,0,0,1,2011-08-10,2011,8,10,-0.48,-0.338028169014085
"17-08-2011",19533,1111038080,4,4,4,3.92,0.98,1.42,0,0,1,2011-08-17,2011,8,17,-0.44,-0.309859154929577
"24-08-2011",19533,1111038080,3,3,3,3,1,1.42,0,0,1,2011-08-24,2011,8,24,-0.42,-0.295774647887324
"31-08-2011",19533,1111038080,8,6,6,7.68,0.96,1.42,0,0,1,2011-08-31,2011,8,31,-0.46,-0.323943661971831
"07-09-2011",19533,1111038080,6,6,6,5.82,0.97,1.42,0,0,1,2011-09-07,2011,9,7,-0.45,-0.316901408450704
"14-09-2011",19533,1111038080,4,4,4,4,1,1.42,0,0,1,2011-09-14,2011,9,14,-0.42,-0.295774647887324
"21-09-2011",19533,1111038080,9,8,8,13.14,1.46,1.46,0,0,0,2011-09-21,2011,9,21,0,0
"28-09-2011",19533,1111038080,2,2,2,3.16,1.58,1.58,0,0,0,2011-09-28,2011,9,28,0,0
"05-10-2011",19533,1111038080,3,3,3,4.74,1.58,1.58,0,0,0,2011-10-05,2011,10,5,0,0
"12-10-2011",19533,1111038080,3,3,3,4.59,1.53,1.53,0,0,0,2011-10-12,2011,10,12,0,0
"19-10-2011",19533,1111038080,3,3,3,4.59,1.53,1.53,0,0,0,2011-10-19,2011,10,19,0,0
"26-10-2011",19533,1111038080,5,5,5,7.6,1.52,1.52,0,0,0,2011-10-26,2011,10,26,0,0
"02-11-2011",19533,1111038080,7,7,7,6.93,0.99,1.52,0,0,1,2011-11-02,2011,11,2,-0.53,-0.348684210526316
"09-11-2011",19533,1111038080,4,4,4,3.84,0.96,1.52,0,0,1,2011-11-09,2011,11,9,-0.56,-0.368421052631579
"16-11-2011",19533,1111038080,4,4,4,3.92,0.98,1.52,0,0,1,2011-11-16,2011,11,16,-0.54,-0.355263157894737
"23-11-2011",19533,1111038080,6,4,4,6,1,1.52,0,0,1,2011-11-23,2011,11,23,-0.52,-0.342105263157895
"30-11-2011",19533,1111038080,5,5,5,4.9,0.98,1.52,0,0,1,2011-11-30,2011,11,30,-0.54,-0.355263157894737
"07-12-2011",19533,1111038080,4,4,4,4,1,1.52,0,0,1,2011-12-07,2011,12,7,-0.52,-0.342105263157895
"21-12-2011",19533,1111038080,3,3,3,4.74,1.58,1.58,0,0,0,2011-12-21,2011,12,21,0,0
"28-12-2011",19533,1111038080,1,1,1,1.58,1.58,1.58,0,0,0,2011-12-28,2011,12,28,0,0
"04-01-2012",19533,1111038080,4,4,4,5.84,1.46,1.46,0,0,0,2012-01-04,2012,1,4,0,0
